mode: set
github.com/0mjs/zinc/app.go:53.17,55.2 1 1
github.com/0mjs/zinc/app.go:57.37,61.28 3 1
github.com/0mjs/zinc/app.go:61.28,63.3 1 1
github.com/0mjs/zinc/app.go:65.2,73.28 2 1
github.com/0mjs/zinc/app.go:73.28,75.3 1 1
github.com/0mjs/zinc/app.go:76.2,76.12 1 1
github.com/0mjs/zinc/app.go:79.41,80.24 1 1
github.com/0mjs/zinc/app.go:80.24,82.3 1 1
github.com/0mjs/zinc/app.go:83.2,83.26 1 1
github.com/0mjs/zinc/app.go:83.26,85.3 1 1
github.com/0mjs/zinc/app.go:86.2,86.27 1 1
github.com/0mjs/zinc/app.go:86.27,88.3 1 1
github.com/0mjs/zinc/app.go:89.2,89.26 1 1
github.com/0mjs/zinc/app.go:89.26,91.3 1 1
github.com/0mjs/zinc/app.go:92.2,92.27 1 1
github.com/0mjs/zinc/app.go:92.27,94.3 1 1
github.com/0mjs/zinc/app.go:95.2,95.26 1 1
github.com/0mjs/zinc/app.go:95.26,97.3 1 1
github.com/0mjs/zinc/app.go:98.2,98.23 1 1
github.com/0mjs/zinc/app.go:98.23,100.3 1 1
github.com/0mjs/zinc/app.go:101.2,101.29 1 1
github.com/0mjs/zinc/app.go:101.29,103.3 1 1
github.com/0mjs/zinc/app.go:104.2,104.12 1 1
github.com/0mjs/zinc/app.go:107.38,109.2 1 1
github.com/0mjs/zinc/app.go:111.41,113.16 2 1
github.com/0mjs/zinc/app.go:113.16,115.3 1 1
github.com/0mjs/zinc/app.go:116.2,116.20 1 0
github.com/0mjs/zinc/app.go:119.63,121.16 2 1
github.com/0mjs/zinc/app.go:121.16,123.3 1 1
github.com/0mjs/zinc/app.go:124.2,124.42 1 1
github.com/0mjs/zinc/app.go:127.44,128.15 1 1
github.com/0mjs/zinc/app.go:128.15,130.3 1 1
github.com/0mjs/zinc/app.go:131.2,131.28 1 1
github.com/0mjs/zinc/app.go:134.73,135.15 1 1
github.com/0mjs/zinc/app.go:135.15,137.3 1 1
github.com/0mjs/zinc/app.go:138.2,138.39 1 1
github.com/0mjs/zinc/app.go:141.70,154.37 6 1
github.com/0mjs/zinc/app.go:154.37,156.3 1 1
github.com/0mjs/zinc/app.go:156.8,158.3 1 1
github.com/0mjs/zinc/app.go:159.2,159.42 1 1
github.com/0mjs/zinc/app.go:159.42,161.3 1 1
github.com/0mjs/zinc/app.go:162.2,162.12 1 1
github.com/0mjs/zinc/app.go:165.51,169.16 4 1
github.com/0mjs/zinc/app.go:169.16,171.3 1 1
github.com/0mjs/zinc/app.go:172.2,172.26 1 1
github.com/0mjs/zinc/app.go:175.44,178.2 2 1
github.com/0mjs/zinc/app.go:180.65,183.2 2 1
github.com/0mjs/zinc/app.go:185.40,186.28 1 1
github.com/0mjs/zinc/app.go:186.28,189.3 2 1
github.com/0mjs/zinc/app.go:190.2,193.27 4 1
github.com/0mjs/zinc/app.go:196.68,198.2 1 1
github.com/0mjs/zinc/app.go:200.85,202.15 2 1
github.com/0mjs/zinc/app.go:202.15,204.3 1 1
github.com/0mjs/zinc/app.go:205.2,205.14 1 1
github.com/0mjs/zinc/app.go:208.52,221.49 4 1
github.com/0mjs/zinc/app.go:221.49,223.3 1 1
github.com/0mjs/zinc/app.go:226.45,228.2 1 1
github.com/0mjs/zinc/app.go:230.53,232.2 1 1
github.com/0mjs/zinc/app.go:234.36,236.24 2 1
github.com/0mjs/zinc/app.go:236.24,238.3 1 1
github.com/0mjs/zinc/app.go:239.2,241.33 3 1
github.com/0mjs/zinc/app.go:241.33,243.3 1 1
github.com/0mjs/zinc/app.go:244.2,244.12 1 1
github.com/0mjs/zinc/app.go:247.39,248.32 1 1
github.com/0mjs/zinc/app.go:248.32,252.3 3 1
github.com/0mjs/zinc/app.go:255.48,257.2 1 1
github.com/0mjs/zinc/app.go:259.54,260.18 1 1
github.com/0mjs/zinc/app.go:260.18,262.3 1 1
github.com/0mjs/zinc/app.go:263.2,263.37 1 1
github.com/0mjs/zinc/app.go:263.37,265.3 1 1
github.com/0mjs/zinc/app.go:266.2,266.21 1 1
github.com/0mjs/zinc/app.go:266.21,268.19 2 1
github.com/0mjs/zinc/app.go:268.19,270.4 1 0
github.com/0mjs/zinc/app.go:272.2,272.15 1 1
github.com/0mjs/zinc/app.go:275.61,276.19 1 1
github.com/0mjs/zinc/app.go:276.19,278.3 1 1
github.com/0mjs/zinc/app.go:279.2,279.32 1 1
github.com/0mjs/zinc/app.go:282.66,283.20 1 1
github.com/0mjs/zinc/app.go:283.20,286.3 2 1
github.com/0mjs/zinc/app.go:287.2,287.19 1 1
github.com/0mjs/zinc/app.go:287.19,289.3 1 1
github.com/0mjs/zinc/app.go:290.2,290.20 1 1
github.com/0mjs/zinc/app.go:290.20,292.3 1 1
github.com/0mjs/zinc/app.go:293.2,293.38 1 1
github.com/0mjs/zinc/app.go:293.38,295.3 1 1
github.com/0mjs/zinc/app.go:296.2,296.36 1 1
github.com/0mjs/zinc/app.go:296.36,298.3 1 1
github.com/0mjs/zinc/app.go:299.2,299.60 1 1
github.com/0mjs/zinc/bind.go:42.54,44.36 2 1
github.com/0mjs/zinc/bind.go:44.36,46.3 1 1
github.com/0mjs/zinc/bind.go:47.2,47.56 1 1
github.com/0mjs/zinc/bind.go:47.56,49.3 1 1
github.com/0mjs/zinc/bind.go:50.2,50.36 1 1
github.com/0mjs/zinc/bind.go:50.36,51.63 1 1
github.com/0mjs/zinc/bind.go:51.63,53.4 1 0
github.com/0mjs/zinc/bind.go:55.2,55.29 1 1
github.com/0mjs/zinc/bind.go:55.29,57.3 1 1
github.com/0mjs/zinc/bind.go:58.2,59.16 2 1
github.com/0mjs/zinc/bind.go:59.16,61.3 1 1
github.com/0mjs/zinc/bind.go:62.2,62.20 1 1
github.com/0mjs/zinc/bind.go:62.20,64.3 1 1
github.com/0mjs/zinc/bind.go:65.2,66.19 2 1
github.com/0mjs/zinc/bind.go:67.30,68.66 1 1
github.com/0mjs/zinc/bind.go:68.66,70.4 1 1
github.com/0mjs/zinc/bind.go:71.37,72.73 1 1
github.com/0mjs/zinc/bind.go:72.73,74.4 1 1
github.com/0mjs/zinc/bind.go:75.66,76.49 1 1
github.com/0mjs/zinc/bind.go:76.49,78.4 1 0
github.com/0mjs/zinc/bind.go:79.3,79.63 1 1
github.com/0mjs/zinc/bind.go:79.63,81.4 1 1
github.com/0mjs/zinc/bind.go:82.10,83.63 1 1
github.com/0mjs/zinc/bind.go:85.2,85.22 1 1
github.com/0mjs/zinc/bind.go:88.58,90.16 2 1
github.com/0mjs/zinc/bind.go:90.16,92.3 1 1
github.com/0mjs/zinc/bind.go:93.2,93.20 1 1
github.com/0mjs/zinc/bind.go:93.20,95.3 1 1
github.com/0mjs/zinc/bind.go:97.2,98.19 2 1
github.com/0mjs/zinc/bind.go:99.30,100.66 1 1
github.com/0mjs/zinc/bind.go:100.66,102.4 1 1
github.com/0mjs/zinc/bind.go:103.37,104.73 1 1
github.com/0mjs/zinc/bind.go:104.73,106.4 1 1
github.com/0mjs/zinc/bind.go:107.66,108.26 1 1
github.com/0mjs/zinc/bind.go:109.10,110.63 1 1
github.com/0mjs/zinc/bind.go:112.2,112.22 1 1
github.com/0mjs/zinc/bind.go:115.59,116.62 1 1
github.com/0mjs/zinc/bind.go:116.62,118.3 1 1
github.com/0mjs/zinc/bind.go:119.2,119.22 1 1
github.com/0mjs/zinc/bind.go:122.58,123.48 1 1
github.com/0mjs/zinc/bind.go:123.48,125.3 1 1
github.com/0mjs/zinc/bind.go:126.2,126.62 1 1
github.com/0mjs/zinc/bind.go:126.62,128.3 1 0
github.com/0mjs/zinc/bind.go:129.2,129.22 1 1
github.com/0mjs/zinc/bind.go:132.60,134.43 2 1
github.com/0mjs/zinc/bind.go:134.43,136.3 1 1
github.com/0mjs/zinc/bind.go:137.2,137.54 1 1
github.com/0mjs/zinc/bind.go:137.54,139.3 1 1
github.com/0mjs/zinc/bind.go:140.2,140.22 1 1
github.com/0mjs/zinc/bind.go:143.58,145.36 2 1
github.com/0mjs/zinc/bind.go:145.36,147.3 1 1
github.com/0mjs/zinc/bind.go:148.2,148.52 1 1
github.com/0mjs/zinc/bind.go:148.52,150.3 1 1
github.com/0mjs/zinc/bind.go:151.2,151.22 1 1
github.com/0mjs/zinc/bind.go:154.37,156.2 1 1
github.com/0mjs/zinc/bind.go:158.41,160.2 1 1
github.com/0mjs/zinc/bind.go:162.40,164.16 2 1
github.com/0mjs/zinc/bind.go:164.16,166.3 1 1
github.com/0mjs/zinc/bind.go:167.2,167.20 1 1
github.com/0mjs/zinc/bind.go:167.20,169.3 1 1
github.com/0mjs/zinc/bind.go:170.2,170.72 1 1
github.com/0mjs/zinc/bind.go:170.72,172.3 1 1
github.com/0mjs/zinc/bind.go:173.2,173.22 1 1
github.com/0mjs/zinc/bind.go:176.41,178.2 1 1
github.com/0mjs/zinc/bind.go:180.42,182.2 1 1
github.com/0mjs/zinc/bind.go:184.43,186.2 1 1
github.com/0mjs/zinc/bind.go:188.41,190.2 1 1
github.com/0mjs/zinc/bind.go:192.41,193.51 1 1
github.com/0mjs/zinc/bind.go:193.51,195.3 1 1
github.com/0mjs/zinc/bind.go:196.2,196.43 1 1
github.com/0mjs/zinc/bind.go:199.68,200.16 1 1
github.com/0mjs/zinc/bind.go:200.16,202.3 1 1
github.com/0mjs/zinc/bind.go:204.2,205.50 2 1
github.com/0mjs/zinc/bind.go:205.50,207.3 1 1
github.com/0mjs/zinc/bind.go:208.2,209.34 2 1
github.com/0mjs/zinc/bind.go:209.34,211.3 1 1
github.com/0mjs/zinc/bind.go:213.2,214.38 2 1
github.com/0mjs/zinc/bind.go:214.38,217.27 3 1
github.com/0mjs/zinc/bind.go:217.27,218.12 1 0
github.com/0mjs/zinc/bind.go:221.3,222.18 2 1
github.com/0mjs/zinc/bind.go:222.18,223.12 1 1
github.com/0mjs/zinc/bind.go:225.3,225.17 1 1
github.com/0mjs/zinc/bind.go:225.17,227.4 1 1
github.com/0mjs/zinc/bind.go:228.3,228.52 1 1
github.com/0mjs/zinc/bind.go:228.52,230.4 1 1
github.com/0mjs/zinc/bind.go:231.3,232.22 2 1
github.com/0mjs/zinc/bind.go:232.22,234.4 1 1
github.com/0mjs/zinc/bind.go:235.3,236.30 2 1
github.com/0mjs/zinc/bind.go:236.30,237.12 1 1
github.com/0mjs/zinc/bind.go:239.3,239.59 1 1
github.com/0mjs/zinc/bind.go:239.59,241.4 1 1
github.com/0mjs/zinc/bind.go:243.2,243.12 1 1
github.com/0mjs/zinc/bind.go:246.64,247.21 1 1
github.com/0mjs/zinc/bind.go:247.21,249.3 1 1
github.com/0mjs/zinc/bind.go:250.2,250.22 1 1
github.com/0mjs/zinc/bind.go:250.22,252.3 1 1
github.com/0mjs/zinc/bind.go:254.2,254.22 1 1
github.com/0mjs/zinc/bind.go:255.22,256.29 1 1
github.com/0mjs/zinc/bind.go:257.20,259.17 2 1
github.com/0mjs/zinc/bind.go:259.17,261.4 1 1
github.com/0mjs/zinc/bind.go:262.3,262.24 1 1
github.com/0mjs/zinc/bind.go:263.78,265.17 2 1
github.com/0mjs/zinc/bind.go:265.17,267.4 1 1
github.com/0mjs/zinc/bind.go:268.3,268.23 1 1
github.com/0mjs/zinc/bind.go:269.83,271.17 2 1
github.com/0mjs/zinc/bind.go:271.17,273.4 1 1
github.com/0mjs/zinc/bind.go:274.3,274.24 1 1
github.com/0mjs/zinc/bind.go:275.40,277.17 2 1
github.com/0mjs/zinc/bind.go:277.17,279.4 1 1
github.com/0mjs/zinc/bind.go:280.3,280.25 1 1
github.com/0mjs/zinc/bind.go:281.21,284.32 3 1
github.com/0mjs/zinc/bind.go:284.32,285.16 1 1
github.com/0mjs/zinc/bind.go:286.24,287.58 1 1
github.com/0mjs/zinc/bind.go:288.80,290.19 2 1
github.com/0mjs/zinc/bind.go:290.19,292.6 1 0
github.com/0mjs/zinc/bind.go:293.5,295.40 3 1
github.com/0mjs/zinc/bind.go:296.12,297.80 1 1
github.com/0mjs/zinc/bind.go:300.3,300.19 1 1
github.com/0mjs/zinc/bind.go:301.10,302.57 1 1
github.com/0mjs/zinc/bind.go:304.2,304.12 1 1
github.com/0mjs/zinc/bind.go:309.73,311.18 2 1
github.com/0mjs/zinc/bind.go:311.18,313.3 1 1
github.com/0mjs/zinc/bind.go:314.2,314.22 1 1
github.com/0mjs/zinc/bind.go:317.58,320.2 2 1
github.com/0mjs/zinc/ctx.go:49.18,55.3 1 1
github.com/0mjs/zinc/ctx.go:58.66,62.2 3 1
github.com/0mjs/zinc/ctx.go:64.65,78.36 14 1
github.com/0mjs/zinc/ctx.go:78.36,82.3 3 1
github.com/0mjs/zinc/ctx.go:83.2,84.22 2 1
github.com/0mjs/zinc/ctx.go:84.22,85.28 1 1
github.com/0mjs/zinc/ctx.go:85.28,87.4 1 1
github.com/0mjs/zinc/ctx.go:91.29,92.14 1 1
github.com/0mjs/zinc/ctx.go:92.14,94.3 1 1
github.com/0mjs/zinc/ctx.go:95.2,102.20 8 1
github.com/0mjs/zinc/ctx.go:105.48,107.2 1 1
github.com/0mjs/zinc/ctx.go:109.52,111.2 1 1
github.com/0mjs/zinc/ctx.go:113.43,115.2 1 1
github.com/0mjs/zinc/ctx.go:117.47,123.2 5 1
github.com/0mjs/zinc/ctx.go:125.44,126.22 1 1
github.com/0mjs/zinc/ctx.go:126.22,128.3 1 1
github.com/0mjs/zinc/ctx.go:129.2,129.28 1 1
github.com/0mjs/zinc/ctx.go:132.50,133.22 1 1
github.com/0mjs/zinc/ctx.go:133.22,135.3 1 1
github.com/0mjs/zinc/ctx.go:138.35,139.22 1 1
github.com/0mjs/zinc/ctx.go:139.22,141.3 1 1
github.com/0mjs/zinc/ctx.go:142.2,142.25 1 1
github.com/0mjs/zinc/ctx.go:145.33,146.46 1 1
github.com/0mjs/zinc/ctx.go:146.46,148.3 1 1
github.com/0mjs/zinc/ctx.go:149.2,149.27 1 1
github.com/0mjs/zinc/ctx.go:152.40,153.46 1 1
github.com/0mjs/zinc/ctx.go:153.46,155.3 1 1
github.com/0mjs/zinc/ctx.go:156.2,158.55 3 1
github.com/0mjs/zinc/ctx.go:161.40,162.46 1 1
github.com/0mjs/zinc/ctx.go:162.46,164.3 1 1
github.com/0mjs/zinc/ctx.go:165.2,165.35 1 1
github.com/0mjs/zinc/ctx.go:168.32,170.31 2 1
github.com/0mjs/zinc/ctx.go:170.31,172.3 1 1
github.com/0mjs/zinc/ctx.go:173.2,173.12 1 1
github.com/0mjs/zinc/ctx.go:176.55,179.2 2 1
github.com/0mjs/zinc/ctx.go:181.43,182.20 1 1
github.com/0mjs/zinc/ctx.go:182.20,184.3 1 1
github.com/0mjs/zinc/ctx.go:185.2,185.22 1 1
github.com/0mjs/zinc/ctx.go:188.44,191.2 2 1
github.com/0mjs/zinc/ctx.go:193.40,195.9 2 1
github.com/0mjs/zinc/ctx.go:195.9,196.39 1 1
github.com/0mjs/zinc/ctx.go:198.2,198.14 1 1
github.com/0mjs/zinc/ctx.go:201.45,204.2 2 1
github.com/0mjs/zinc/ctx.go:206.45,207.36 1 1
github.com/0mjs/zinc/ctx.go:207.36,208.29 1 1
github.com/0mjs/zinc/ctx.go:208.29,210.4 1 1
github.com/0mjs/zinc/ctx.go:212.2,212.11 1 1
github.com/0mjs/zinc/ctx.go:215.57,216.41 1 1
github.com/0mjs/zinc/ctx.go:216.41,218.3 1 0
github.com/0mjs/zinc/ctx.go:219.2,219.17 1 1
github.com/0mjs/zinc/ctx.go:222.45,224.2 1 1
github.com/0mjs/zinc/ctx.go:226.57,227.41 1 1
github.com/0mjs/zinc/ctx.go:227.41,229.3 1 0
github.com/0mjs/zinc/ctx.go:230.2,230.17 1 1
github.com/0mjs/zinc/ctx.go:233.44,234.26 1 1
github.com/0mjs/zinc/ctx.go:234.26,235.47 1 1
github.com/0mjs/zinc/ctx.go:235.47,237.4 1 1
github.com/0mjs/zinc/ctx.go:238.3,238.40 1 1
github.com/0mjs/zinc/ctx.go:240.2,240.22 1 1
github.com/0mjs/zinc/ctx.go:243.49,244.22 1 1
github.com/0mjs/zinc/ctx.go:244.22,246.3 1 1
github.com/0mjs/zinc/ctx.go:247.2,247.34 1 1
github.com/0mjs/zinc/ctx.go:250.72,251.22 1 1
github.com/0mjs/zinc/ctx.go:251.22,253.3 1 1
github.com/0mjs/zinc/ctx.go:254.2,255.16 2 1
github.com/0mjs/zinc/ctx.go:255.16,257.3 1 0
github.com/0mjs/zinc/ctx.go:258.2,259.20 2 1
github.com/0mjs/zinc/ctx.go:262.75,264.16 2 1
github.com/0mjs/zinc/ctx.go:264.16,266.3 1 1
github.com/0mjs/zinc/ctx.go:267.2,268.21 2 1
github.com/0mjs/zinc/ctx.go:268.21,270.3 1 0
github.com/0mjs/zinc/ctx.go:271.2,271.19 1 1
github.com/0mjs/zinc/ctx.go:274.60,275.22 1 1
github.com/0mjs/zinc/ctx.go:275.22,277.3 1 1
github.com/0mjs/zinc/ctx.go:278.2,278.36 1 1
github.com/0mjs/zinc/ctx.go:278.36,280.3 1 1
github.com/0mjs/zinc/ctx.go:281.2,281.63 1 0
github.com/0mjs/zinc/ctx.go:281.63,283.3 1 0
github.com/0mjs/zinc/ctx.go:284.2,284.37 1 0
github.com/0mjs/zinc/ctx.go:287.74,289.16 2 1
github.com/0mjs/zinc/ctx.go:289.16,291.3 1 0
github.com/0mjs/zinc/ctx.go:292.2,294.62 2 1
github.com/0mjs/zinc/ctx.go:294.62,296.3 1 0
github.com/0mjs/zinc/ctx.go:297.2,298.16 2 1
github.com/0mjs/zinc/ctx.go:298.16,300.3 1 0
github.com/0mjs/zinc/ctx.go:301.2,303.12 3 1
github.com/0mjs/zinc/ctx.go:306.48,307.22 1 1
github.com/0mjs/zinc/ctx.go:307.22,309.3 1 1
github.com/0mjs/zinc/ctx.go:310.2,310.34 1 1
github.com/0mjs/zinc/ctx.go:313.61,314.22 1 1
github.com/0mjs/zinc/ctx.go:314.22,316.3 1 1
github.com/0mjs/zinc/ctx.go:317.2,317.31 1 1
github.com/0mjs/zinc/ctx.go:320.44,321.22 1 1
github.com/0mjs/zinc/ctx.go:321.22,323.3 1 1
github.com/0mjs/zinc/ctx.go:324.2,324.28 1 1
github.com/0mjs/zinc/ctx.go:327.47,329.16 2 1
github.com/0mjs/zinc/ctx.go:329.16,331.3 1 1
github.com/0mjs/zinc/ctx.go:332.2,332.42 1 1
github.com/0mjs/zinc/ctx.go:335.48,337.16 2 1
github.com/0mjs/zinc/ctx.go:337.16,339.3 1 0
github.com/0mjs/zinc/ctx.go:340.2,340.26 1 1
github.com/0mjs/zinc/ctx.go:343.47,344.16 1 1
github.com/0mjs/zinc/ctx.go:344.16,346.3 1 1
github.com/0mjs/zinc/ctx.go:347.2,348.47 2 1
github.com/0mjs/zinc/ctx.go:348.47,350.3 1 1
github.com/0mjs/zinc/ctx.go:352.2,353.48 2 1
github.com/0mjs/zinc/ctx.go:353.48,355.3 1 1
github.com/0mjs/zinc/ctx.go:356.2,357.107 2 1
github.com/0mjs/zinc/ctx.go:357.107,360.3 2 1
github.com/0mjs/zinc/ctx.go:361.2,361.71 1 1
github.com/0mjs/zinc/ctx.go:361.71,363.3 1 1
github.com/0mjs/zinc/ctx.go:364.2,366.16 3 1
github.com/0mjs/zinc/ctx.go:366.16,368.3 1 1
github.com/0mjs/zinc/ctx.go:369.2,369.26 1 1
github.com/0mjs/zinc/ctx.go:372.35,373.22 1 1
github.com/0mjs/zinc/ctx.go:373.22,375.3 1 1
github.com/0mjs/zinc/ctx.go:376.2,376.26 1 1
github.com/0mjs/zinc/ctx.go:376.26,378.3 1 1
github.com/0mjs/zinc/ctx.go:379.2,379.20 1 1
github.com/0mjs/zinc/ctx.go:379.20,380.61 1 1
github.com/0mjs/zinc/ctx.go:380.61,381.54 1 1
github.com/0mjs/zinc/ctx.go:381.54,383.5 1 1
github.com/0mjs/zinc/ctx.go:384.4,384.35 1 0
github.com/0mjs/zinc/ctx.go:387.2,387.15 1 1
github.com/0mjs/zinc/ctx.go:390.31,392.19 2 1
github.com/0mjs/zinc/ctx.go:392.19,394.3 1 1
github.com/0mjs/zinc/ctx.go:395.2,395.15 1 1
github.com/0mjs/zinc/ctx.go:398.34,400.18 2 1
github.com/0mjs/zinc/ctx.go:400.18,402.3 1 1
github.com/0mjs/zinc/ctx.go:403.2,403.21 1 1
github.com/0mjs/zinc/ctx.go:403.21,405.3 1 0
github.com/0mjs/zinc/ctx.go:406.2,407.18 2 1
github.com/0mjs/zinc/ctx.go:407.18,409.3 1 0
github.com/0mjs/zinc/ctx.go:410.2,411.15 2 1
github.com/0mjs/zinc/ctx.go:411.15,413.3 1 0
github.com/0mjs/zinc/ctx.go:414.2,416.29 3 1
github.com/0mjs/zinc/ctx.go:416.29,418.17 2 1
github.com/0mjs/zinc/ctx.go:418.17,420.4 1 1
github.com/0mjs/zinc/ctx.go:422.2,422.19 1 1
github.com/0mjs/zinc/ctx.go:422.19,424.3 1 0
github.com/0mjs/zinc/ctx.go:425.2,425.12 1 1
github.com/0mjs/zinc/ctx.go:428.37,429.22 1 1
github.com/0mjs/zinc/ctx.go:429.22,431.3 1 1
github.com/0mjs/zinc/ctx.go:432.2,433.16 2 1
github.com/0mjs/zinc/ctx.go:433.16,435.3 1 1
github.com/0mjs/zinc/ctx.go:436.2,436.11 1 1
github.com/0mjs/zinc/ctx.go:439.33,441.2 1 1
github.com/0mjs/zinc/ctx.go:443.38,447.2 3 1
github.com/0mjs/zinc/ctx.go:449.38,451.2 1 1
github.com/0mjs/zinc/ctx.go:453.38,455.2 1 1
github.com/0mjs/zinc/ctx.go:457.37,459.2 1 1
github.com/0mjs/zinc/ctx.go:461.37,463.2 1 1
github.com/0mjs/zinc/ctx.go:465.36,466.16 1 1
github.com/0mjs/zinc/ctx.go:466.16,468.3 1 1
github.com/0mjs/zinc/ctx.go:469.2,470.18 2 1
github.com/0mjs/zinc/ctx.go:470.18,472.3 1 1
github.com/0mjs/zinc/ctx.go:475.37,477.2 1 1
github.com/0mjs/zinc/ctx.go:479.44,481.2 1 1
github.com/0mjs/zinc/ctx.go:483.47,484.30 1 1
github.com/0mjs/zinc/ctx.go:484.30,485.32 1 1
github.com/0mjs/zinc/ctx.go:485.32,487.39 2 1
github.com/0mjs/zinc/ctx.go:487.39,491.5 3 1
github.com/0mjs/zinc/ctx.go:492.4,492.10 1 1
github.com/0mjs/zinc/ctx.go:497.73,499.31 2 1
github.com/0mjs/zinc/ctx.go:499.31,501.3 1 0
github.com/0mjs/zinc/ctx.go:502.2,503.29 2 1
github.com/0mjs/zinc/ctx.go:503.29,507.3 3 1
github.com/0mjs/zinc/ctx.go:508.2,508.41 1 1
github.com/0mjs/zinc/ctx.go:508.41,512.3 3 1
github.com/0mjs/zinc/ctx.go:513.2,513.22 1 1
github.com/0mjs/zinc/ctx.go:516.45,517.15 1 1
github.com/0mjs/zinc/ctx.go:517.15,519.3 1 1
github.com/0mjs/zinc/ctx.go:520.2,520.26 1 1
github.com/0mjs/zinc/ctx.go:520.26,522.3 1 0
github.com/0mjs/zinc/ctx.go:523.2,523.40 1 1
github.com/0mjs/zinc/ctx.go:523.40,527.3 3 1
github.com/0mjs/zinc/ctx.go:528.2,528.22 1 1
github.com/0mjs/zinc/ctx.go:531.37,532.59 1 1
github.com/0mjs/zinc/ctx.go:532.59,534.3 1 0
github.com/0mjs/zinc/ctx.go:535.2,535.66 1 1
github.com/0mjs/zinc/ctx.go:538.55,539.35 1 1
github.com/0mjs/zinc/ctx.go:539.35,541.3 1 1
github.com/0mjs/zinc/ctx.go:542.2,543.19 2 1
github.com/0mjs/zinc/ctx.go:543.19,545.3 1 1
github.com/0mjs/zinc/ctx.go:546.2,546.36 1 1
github.com/0mjs/zinc/ctx.go:546.36,547.39 1 1
github.com/0mjs/zinc/ctx.go:547.39,549.46 2 1
github.com/0mjs/zinc/ctx.go:549.46,551.5 1 1
github.com/0mjs/zinc/ctx.go:552.4,552.12 1 0
github.com/0mjs/zinc/ctx.go:554.3,554.43 1 1
github.com/0mjs/zinc/ctx.go:554.43,556.4 1 1
github.com/0mjs/zinc/ctx.go:558.2,558.14 1 1
github.com/0mjs/zinc/ctx.go:561.36,562.14 1 1
github.com/0mjs/zinc/ctx.go:562.14,564.3 1 1
github.com/0mjs/zinc/ctx.go:565.2,566.15 2 1
github.com/0mjs/zinc/ctx.go:569.41,570.14 1 1
github.com/0mjs/zinc/ctx.go:570.14,572.3 1 1
github.com/0mjs/zinc/ctx.go:573.2,573.23 1 1
github.com/0mjs/zinc/error.go:17.36,18.21 1 1
github.com/0mjs/zinc/error.go:18.21,20.3 1 1
github.com/0mjs/zinc/error.go:21.2,21.32 1 1
github.com/0mjs/zinc/error.go:24.36,26.2 1 1
github.com/0mjs/zinc/error.go:28.60,31.2 2 1
github.com/0mjs/zinc/error.go:33.49,34.41 1 1
github.com/0mjs/zinc/error.go:34.41,36.3 1 1
github.com/0mjs/zinc/error.go:38.2,38.41 1 1
github.com/0mjs/zinc/error.go:38.41,41.3 2 1
github.com/0mjs/zinc/error.go:43.2,44.30 2 1
github.com/0mjs/zinc/error.go:44.30,47.3 2 1
github.com/0mjs/zinc/error.go:49.2,49.102 1 1
github.com/0mjs/zinc/group.go:16.72,18.19 2 1
github.com/0mjs/zinc/group.go:18.19,20.3 1 1
github.com/0mjs/zinc/group.go:21.2,25.3 1 1
github.com/0mjs/zinc/group.go:28.53,31.2 2 1
github.com/0mjs/zinc/group.go:33.70,39.2 5 1
github.com/0mjs/zinc/group.go:41.87,43.15 2 1
github.com/0mjs/zinc/group.go:43.15,45.3 1 1
github.com/0mjs/zinc/group.go:46.2,46.12 1 1
github.com/0mjs/zinc/group.go:49.54,51.2 1 1
github.com/0mjs/zinc/group.go:53.78,59.2 5 1
github.com/0mjs/zinc/group.go:61.57,63.16 2 1
github.com/0mjs/zinc/group.go:63.16,65.3 1 1
github.com/0mjs/zinc/group.go:66.2,66.46 1 1
github.com/0mjs/zinc/group.go:68.66,70.2 1 1
github.com/0mjs/zinc/group.go:71.65,73.2 1 1
github.com/0mjs/zinc/group.go:74.68,76.2 1 1
github.com/0mjs/zinc/group.go:77.67,79.2 1 1
github.com/0mjs/zinc/group.go:80.66,82.2 1 1
github.com/0mjs/zinc/group.go:83.69,85.2 1 1
github.com/0mjs/zinc/group.go:86.69,88.2 1 1
github.com/0mjs/zinc/group.go:89.67,91.2 1 1
github.com/0mjs/zinc/group.go:93.90,94.33 1 1
github.com/0mjs/zinc/group.go:94.33,95.63 1 1
github.com/0mjs/zinc/group.go:95.63,97.4 1 1
github.com/0mjs/zinc/group.go:99.2,99.12 1 1
github.com/0mjs/zinc/group.go:102.65,104.2 1 1
github.com/0mjs/zinc/group.go:106.65,108.2 1 1
github.com/0mjs/zinc/group.go:111.60,112.20 1 1
github.com/0mjs/zinc/group.go:112.20,114.3 1 1
github.com/0mjs/zinc/group.go:115.2,115.44 1 1
github.com/0mjs/zinc/group.go:115.44,117.3 1 1
github.com/0mjs/zinc/group.go:121.92,122.20 1 1
github.com/0mjs/zinc/group.go:122.20,124.3 1 1
github.com/0mjs/zinc/group.go:125.2,126.44 2 1
github.com/0mjs/zinc/group.go:126.44,128.3 1 1
github.com/0mjs/zinc/group.go:131.73,133.2 1 1
github.com/0mjs/zinc/group.go:135.87,137.2 1 1
github.com/0mjs/zinc/group.go:139.52,141.2 1 1
github.com/0mjs/zinc/group.go:143.72,145.2 1 1
github.com/0mjs/zinc/group.go:147.36,148.13 1 1
github.com/0mjs/zinc/group.go:148.13,149.14 1 1
github.com/0mjs/zinc/group.go:149.14,151.4 1 1
github.com/0mjs/zinc/group.go:152.3,152.11 1 1
github.com/0mjs/zinc/group.go:154.2,154.32 1 1
github.com/0mjs/zinc/group.go:154.32,156.3 1 1
github.com/0mjs/zinc/group.go:157.2,157.25 1 1
github.com/0mjs/zinc/group.go:157.25,159.3 1 1
github.com/0mjs/zinc/group.go:160.2,161.19 2 1
github.com/0mjs/zinc/group.go:161.19,163.3 1 1
github.com/0mjs/zinc/group.go:164.2,164.37 1 1
github.com/0mjs/zinc/group.go:164.37,166.3 1 1
github.com/0mjs/zinc/group.go:167.2,167.15 1 1
github.com/0mjs/zinc/realtime.go:64.49,65.20 1 1
github.com/0mjs/zinc/realtime.go:65.20,67.3 1 1
github.com/0mjs/zinc/realtime.go:68.2,68.15 1 1
github.com/0mjs/zinc/realtime.go:68.15,70.3 1 1
github.com/0mjs/zinc/realtime.go:72.2,73.9 2 1
github.com/0mjs/zinc/realtime.go:73.9,75.3 1 1
github.com/0mjs/zinc/realtime.go:77.2,84.38 7 1
github.com/0mjs/zinc/realtime.go:84.38,85.30 1 1
github.com/0mjs/zinc/realtime.go:85.30,87.4 1 1
github.com/0mjs/zinc/realtime.go:88.3,88.13 1 1
github.com/0mjs/zinc/realtime.go:90.2,90.29 1 1
github.com/0mjs/zinc/realtime.go:90.29,92.3 1 1
github.com/0mjs/zinc/realtime.go:94.2,102.27 3 1
github.com/0mjs/zinc/realtime.go:106.40,108.2 1 1
github.com/0mjs/zinc/realtime.go:111.46,112.30 1 1
github.com/0mjs/zinc/realtime.go:112.30,114.3 1 1
github.com/0mjs/zinc/realtime.go:115.2,115.24 1 1
github.com/0mjs/zinc/realtime.go:119.44,121.2 1 1
github.com/0mjs/zinc/realtime.go:124.48,125.30 1 1
github.com/0mjs/zinc/realtime.go:125.30,127.3 1 1
github.com/0mjs/zinc/realtime.go:129.2,130.23 2 1
github.com/0mjs/zinc/realtime.go:130.23,132.17 2 1
github.com/0mjs/zinc/realtime.go:132.17,134.4 1 1
github.com/0mjs/zinc/realtime.go:135.3,135.17 1 1
github.com/0mjs/zinc/realtime.go:138.2,139.25 2 1
github.com/0mjs/zinc/realtime.go:139.25,140.53 1 1
github.com/0mjs/zinc/realtime.go:140.53,144.4 3 1
github.com/0mjs/zinc/realtime.go:146.2,146.20 1 1
github.com/0mjs/zinc/realtime.go:146.20,150.3 3 1
github.com/0mjs/zinc/realtime.go:151.2,151.23 1 1
github.com/0mjs/zinc/realtime.go:151.23,155.3 3 1
github.com/0mjs/zinc/realtime.go:156.2,156.21 1 1
github.com/0mjs/zinc/realtime.go:156.21,158.18 2 1
github.com/0mjs/zinc/realtime.go:158.18,160.4 1 1
github.com/0mjs/zinc/realtime.go:161.3,163.20 3 1
github.com/0mjs/zinc/realtime.go:165.2,165.23 1 1
github.com/0mjs/zinc/realtime.go:165.23,166.44 1 1
github.com/0mjs/zinc/realtime.go:166.44,170.4 3 1
github.com/0mjs/zinc/realtime.go:172.2,176.64 4 1
github.com/0mjs/zinc/realtime.go:176.64,178.3 1 1
github.com/0mjs/zinc/realtime.go:179.2,180.12 2 1
github.com/0mjs/zinc/realtime.go:184.42,186.2 1 1
github.com/0mjs/zinc/realtime.go:189.51,191.2 1 1
github.com/0mjs/zinc/realtime.go:194.57,196.2 1 1
github.com/0mjs/zinc/realtime.go:199.88,200.15 1 1
github.com/0mjs/zinc/realtime.go:200.15,202.3 1 1
github.com/0mjs/zinc/realtime.go:204.2,212.28 3 1
github.com/0mjs/zinc/realtime.go:212.28,213.53 1 1
github.com/0mjs/zinc/realtime.go:213.53,215.4 1 1
github.com/0mjs/zinc/realtime.go:218.2,219.16 2 1
github.com/0mjs/zinc/realtime.go:219.16,222.3 2 1
github.com/0mjs/zinc/realtime.go:223.2,224.18 2 1
github.com/0mjs/zinc/realtime.go:228.88,229.20 1 1
github.com/0mjs/zinc/realtime.go:229.20,231.3 1 1
github.com/0mjs/zinc/realtime.go:232.2,233.16 2 1
github.com/0mjs/zinc/realtime.go:233.16,235.3 1 1
github.com/0mjs/zinc/realtime.go:236.2,237.25 2 1
github.com/0mjs/zinc/realtime.go:240.58,241.30 1 1
github.com/0mjs/zinc/realtime.go:242.14,243.20 1 1
github.com/0mjs/zinc/realtime.go:244.14,245.28 1 1
github.com/0mjs/zinc/realtime.go:248.2,249.53 2 1
github.com/0mjs/zinc/realtime.go:249.53,251.3 1 1
github.com/0mjs/zinc/realtime.go:252.2,252.49 1 1
github.com/0mjs/zinc/realtime.go:255.41,256.63 1 1
github.com/0mjs/zinc/realtime.go:256.63,258.3 1 1
github.com/0mjs/zinc/realtime.go:259.2,259.27 1 1
github.com/0mjs/zinc/realtime.go:262.62,263.27 1 1
github.com/0mjs/zinc/realtime.go:263.27,265.3 1 1
github.com/0mjs/zinc/realtime.go:268.43,272.2 3 1
github.com/0mjs/zinc/realtime.go:274.41,276.53 2 1
github.com/0mjs/zinc/realtime.go:276.53,278.3 1 1
github.com/0mjs/zinc/realtime.go:279.2,279.14 1 1
github.com/0mjs/zinc/realtime.go:282.69,283.21 1 1
github.com/0mjs/zinc/realtime.go:283.21,285.3 1 1
github.com/0mjs/zinc/realtime.go:286.2,286.26 1 1
github.com/0mjs/zinc/realtime.go:289.50,290.22 1 1
github.com/0mjs/zinc/realtime.go:290.22,292.3 1 1
github.com/0mjs/zinc/realtime.go:293.2,294.34 2 1
github.com/0mjs/zinc/realtime.go:294.34,296.3 1 1
github.com/0mjs/zinc/realtime.go:297.2,297.15 1 1
github.com/0mjs/zinc/response.go:36.50,37.31 1 1
github.com/0mjs/zinc/response.go:37.31,39.3 1 1
github.com/0mjs/zinc/response.go:40.2,40.35 1 1
github.com/0mjs/zinc/response.go:40.35,42.3 1 1
github.com/0mjs/zinc/response.go:43.2,43.75 1 1
github.com/0mjs/zinc/response.go:46.40,47.19 1 1
github.com/0mjs/zinc/response.go:47.19,49.3 1 1
github.com/0mjs/zinc/response.go:50.2,50.17 1 1
github.com/0mjs/zinc/response.go:53.57,56.2 2 1
github.com/0mjs/zinc/response.go:58.71,59.31 1 1
github.com/0mjs/zinc/response.go:59.31,61.3 1 1
github.com/0mjs/zinc/response.go:62.2,62.10 1 1
github.com/0mjs/zinc/response.go:65.45,66.15 1 1
github.com/0mjs/zinc/response.go:66.15,68.3 1 1
github.com/0mjs/zinc/response.go:69.2,69.19 1 1
github.com/0mjs/zinc/response.go:69.19,71.3 1 1
github.com/0mjs/zinc/response.go:72.2,72.65 1 1
github.com/0mjs/zinc/response.go:72.65,74.3 1 1
github.com/0mjs/zinc/response.go:75.2,75.10 1 1
github.com/0mjs/zinc/response.go:78.54,80.2 1 1
github.com/0mjs/zinc/response.go:82.51,84.2 1 1
github.com/0mjs/zinc/response.go:86.45,88.30 2 1
github.com/0mjs/zinc/response.go:88.30,90.3 1 1
github.com/0mjs/zinc/response.go:91.2,92.12 2 1
github.com/0mjs/zinc/response.go:95.40,96.30 1 1
github.com/0mjs/zinc/response.go:97.11,98.49 1 1
github.com/0mjs/zinc/response.go:98.49,101.4 2 1
github.com/0mjs/zinc/response.go:102.14,103.25 1 0
github.com/0mjs/zinc/response.go:104.14,105.36 1 1
github.com/0mjs/zinc/response.go:106.10,107.23 1 0
github.com/0mjs/zinc/response.go:111.60,113.30 2 1
github.com/0mjs/zinc/response.go:113.30,115.3 1 0
github.com/0mjs/zinc/response.go:116.2,117.12 2 1
github.com/0mjs/zinc/response.go:120.37,122.2 1 1
github.com/0mjs/zinc/response.go:124.58,126.2 1 1
github.com/0mjs/zinc/response.go:128.57,130.30 2 1
github.com/0mjs/zinc/response.go:130.30,132.3 1 1
github.com/0mjs/zinc/response.go:134.2,134.14 1 1
github.com/0mjs/zinc/response.go:134.14,137.3 2 1
github.com/0mjs/zinc/response.go:139.2,139.73 1 1
github.com/0mjs/zinc/response.go:139.73,141.3 1 0
github.com/0mjs/zinc/response.go:142.2,142.12 1 1
github.com/0mjs/zinc/response.go:145.36,146.14 1 1
github.com/0mjs/zinc/response.go:146.14,147.48 1 1
github.com/0mjs/zinc/response.go:147.48,150.4 2 1
github.com/0mjs/zinc/response.go:153.2,154.55 2 1
github.com/0mjs/zinc/response.go:154.55,156.3 1 0
github.com/0mjs/zinc/response.go:157.2,157.47 1 1
github.com/0mjs/zinc/response.go:157.47,160.3 2 1
github.com/0mjs/zinc/response.go:163.43,164.48 1 1
github.com/0mjs/zinc/response.go:164.48,167.3 2 1
github.com/0mjs/zinc/response.go:170.65,171.51 1 1
github.com/0mjs/zinc/response.go:171.51,174.3 2 1
github.com/0mjs/zinc/response.go:177.37,178.48 1 1
github.com/0mjs/zinc/response.go:178.48,180.3 1 1
github.com/0mjs/zinc/response.go:181.2,182.12 2 1
github.com/0mjs/zinc/response.go:185.61,186.15 1 1
github.com/0mjs/zinc/response.go:186.15,188.3 1 1
github.com/0mjs/zinc/response.go:189.2,189.15 1 1
github.com/0mjs/zinc/response.go:189.15,191.3 1 1
github.com/0mjs/zinc/response.go:192.2,195.12 4 1
github.com/0mjs/zinc/response.go:198.47,200.2 1 1
github.com/0mjs/zinc/response.go:202.67,204.2 1 1
github.com/0mjs/zinc/response.go:206.69,208.36 2 1
github.com/0mjs/zinc/response.go:208.36,210.3 1 1
github.com/0mjs/zinc/response.go:211.2,212.25 2 1
github.com/0mjs/zinc/response.go:215.67,217.2 1 1
github.com/0mjs/zinc/response.go:219.55,220.50 1 1
github.com/0mjs/zinc/response.go:220.50,222.3 1 1
github.com/0mjs/zinc/response.go:223.2,224.74 2 1
github.com/0mjs/zinc/response.go:224.74,226.3 1 1
github.com/0mjs/zinc/response.go:227.2,227.48 1 1
github.com/0mjs/zinc/response.go:227.48,230.3 2 1
github.com/0mjs/zinc/response.go:233.50,235.2 1 1
github.com/0mjs/zinc/response.go:237.48,239.29 2 1
github.com/0mjs/zinc/response.go:239.29,247.3 1 1
github.com/0mjs/zinc/response.go:250.74,251.15 1 1
github.com/0mjs/zinc/response.go:251.15,253.3 1 1
github.com/0mjs/zinc/response.go:254.2,255.60 2 1
github.com/0mjs/zinc/response.go:255.60,257.3 1 1
github.com/0mjs/zinc/response.go:258.2,259.38 2 1
github.com/0mjs/zinc/response.go:259.38,260.30 1 1
github.com/0mjs/zinc/response.go:260.30,262.4 1 1
github.com/0mjs/zinc/response.go:263.3,263.13 1 1
github.com/0mjs/zinc/response.go:265.2,265.29 1 1
github.com/0mjs/zinc/response.go:265.29,267.3 1 0
github.com/0mjs/zinc/response.go:268.2,268.22 1 1
github.com/0mjs/zinc/response.go:268.22,270.3 1 1
github.com/0mjs/zinc/response.go:271.2,271.12 1 0
github.com/0mjs/zinc/response.go:274.81,275.15 1 1
github.com/0mjs/zinc/response.go:275.15,277.3 1 1
github.com/0mjs/zinc/response.go:278.2,281.14 3 1
github.com/0mjs/zinc/response.go:281.14,283.36 2 1
github.com/0mjs/zinc/response.go:283.36,284.14 1 1
github.com/0mjs/zinc/response.go:285.19,286.42 1 1
github.com/0mjs/zinc/response.go:287.18,288.37 1 1
github.com/0mjs/zinc/response.go:289.17,290.36 1 0
github.com/0mjs/zinc/response.go:291.18,292.37 1 0
github.com/0mjs/zinc/response.go:293.12,294.32 1 1
github.com/0mjs/zinc/response.go:299.2,301.22 3 1
github.com/0mjs/zinc/response.go:301.22,303.3 1 1
github.com/0mjs/zinc/response.go:304.2,304.34 1 1
github.com/0mjs/zinc/response.go:304.34,305.30 1 1
github.com/0mjs/zinc/response.go:305.30,307.4 1 1
github.com/0mjs/zinc/response.go:308.3,308.28 1 1
github.com/0mjs/zinc/response.go:311.2,311.29 1 1
github.com/0mjs/zinc/response.go:311.29,313.3 1 1
github.com/0mjs/zinc/response.go:314.2,314.26 1 1
github.com/0mjs/zinc/response.go:317.91,318.15 1 1
github.com/0mjs/zinc/response.go:318.15,320.3 1 1
github.com/0mjs/zinc/response.go:321.2,323.23 2 1
github.com/0mjs/zinc/response.go:323.23,326.3 2 1
github.com/0mjs/zinc/response.go:328.2,329.16 2 1
github.com/0mjs/zinc/response.go:329.16,331.3 1 1
github.com/0mjs/zinc/response.go:332.2,335.16 3 1
github.com/0mjs/zinc/response.go:335.16,337.3 1 1
github.com/0mjs/zinc/response.go:338.2,338.18 1 1
github.com/0mjs/zinc/response.go:338.18,340.3 1 1
github.com/0mjs/zinc/response.go:342.2,342.40 1 1
github.com/0mjs/zinc/response.go:342.40,345.3 2 1
github.com/0mjs/zinc/response.go:347.2,348.16 2 1
github.com/0mjs/zinc/response.go:348.16,350.3 1 1
github.com/0mjs/zinc/response.go:351.2,353.12 3 1
github.com/0mjs/zinc/router.go:77.18,79.3 1 1
github.com/0mjs/zinc/router.go:96.42,102.2 1 1
github.com/0mjs/zinc/router.go:104.74,105.24 1 1
github.com/0mjs/zinc/router.go:105.24,107.3 1 1
github.com/0mjs/zinc/router.go:109.2,112.48 4 1
github.com/0mjs/zinc/router.go:112.48,114.3 1 1
github.com/0mjs/zinc/router.go:115.2,116.47 2 1
github.com/0mjs/zinc/router.go:116.47,118.3 1 0
github.com/0mjs/zinc/router.go:119.2,120.47 2 1
github.com/0mjs/zinc/router.go:120.47,122.3 1 1
github.com/0mjs/zinc/router.go:124.2,125.16 2 1
github.com/0mjs/zinc/router.go:125.16,127.3 1 0
github.com/0mjs/zinc/router.go:129.2,131.23 3 1
github.com/0mjs/zinc/router.go:131.23,133.40 2 1
github.com/0mjs/zinc/router.go:133.40,136.4 2 1
github.com/0mjs/zinc/router.go:139.2,149.16 4 1
github.com/0mjs/zinc/router.go:149.16,150.22 1 1
github.com/0mjs/zinc/router.go:150.22,152.4 1 1
github.com/0mjs/zinc/router.go:153.3,153.37 1 1
github.com/0mjs/zinc/router.go:153.37,155.4 1 1
github.com/0mjs/zinc/router.go:156.3,157.42 2 1
github.com/0mjs/zinc/router.go:157.42,158.23 1 1
github.com/0mjs/zinc/router.go:158.23,160.5 1 0
github.com/0mjs/zinc/router.go:161.4,162.46 2 1
github.com/0mjs/zinc/router.go:165.3,166.78 2 1
github.com/0mjs/zinc/router.go:166.78,168.4 1 1
github.com/0mjs/zinc/router.go:169.3,169.49 1 1
github.com/0mjs/zinc/router.go:169.49,172.4 2 1
github.com/0mjs/zinc/router.go:173.3,173.13 1 1
github.com/0mjs/zinc/router.go:176.2,176.20 1 1
github.com/0mjs/zinc/router.go:176.20,178.3 1 1
github.com/0mjs/zinc/router.go:179.2,180.17 2 1
github.com/0mjs/zinc/router.go:180.17,183.3 2 1
github.com/0mjs/zinc/router.go:184.2,190.4 1 1
github.com/0mjs/zinc/router.go:193.39,197.2 3 1
github.com/0mjs/zinc/router.go:199.68,202.20 3 1
github.com/0mjs/zinc/router.go:202.20,204.3 1 0
github.com/0mjs/zinc/router.go:205.2,205.21 1 1
github.com/0mjs/zinc/router.go:208.74,211.48 3 1
github.com/0mjs/zinc/router.go:211.48,212.53 1 1
github.com/0mjs/zinc/router.go:212.53,214.4 1 1
github.com/0mjs/zinc/router.go:216.2,216.65 1 1
github.com/0mjs/zinc/router.go:216.65,218.3 1 1
github.com/0mjs/zinc/router.go:219.2,219.40 1 1
github.com/0mjs/zinc/router.go:219.40,220.44 1 1
github.com/0mjs/zinc/router.go:220.44,223.4 2 1
github.com/0mjs/zinc/router.go:224.3,224.36 1 1
github.com/0mjs/zinc/router.go:224.36,227.4 2 1
github.com/0mjs/zinc/router.go:229.2,229.45 1 1
github.com/0mjs/zinc/router.go:232.81,234.20 2 1
github.com/0mjs/zinc/router.go:234.20,235.40 1 1
github.com/0mjs/zinc/router.go:235.40,236.26 1 1
github.com/0mjs/zinc/router.go:236.26,238.5 1 1
github.com/0mjs/zinc/router.go:239.4,241.30 3 1
github.com/0mjs/zinc/router.go:244.2,245.17 2 1
github.com/0mjs/zinc/router.go:245.17,247.3 1 1
github.com/0mjs/zinc/router.go:248.2,250.20 3 1
github.com/0mjs/zinc/router.go:250.20,252.3 1 1
github.com/0mjs/zinc/router.go:253.2,255.20 3 1
github.com/0mjs/zinc/router.go:255.20,261.3 2 1
github.com/0mjs/zinc/router.go:262.2,262.24 1 1
github.com/0mjs/zinc/router.go:265.83,270.38 5 1
github.com/0mjs/zinc/router.go:270.38,272.43 2 1
github.com/0mjs/zinc/router.go:272.43,273.12 1 1
github.com/0mjs/zinc/router.go:275.3,276.26 2 1
github.com/0mjs/zinc/router.go:276.26,278.4 1 1
github.com/0mjs/zinc/router.go:279.3,279.30 1 1
github.com/0mjs/zinc/router.go:279.30,281.4 1 0
github.com/0mjs/zinc/router.go:283.2,283.64 1 1
github.com/0mjs/zinc/router.go:283.64,285.3 1 1
github.com/0mjs/zinc/router.go:286.2,286.52 1 1
github.com/0mjs/zinc/router.go:286.52,288.3 1 1
github.com/0mjs/zinc/router.go:289.2,289.48 1 1
github.com/0mjs/zinc/router.go:289.48,291.3 1 1
github.com/0mjs/zinc/router.go:292.2,292.16 1 1
github.com/0mjs/zinc/router.go:295.59,296.33 1 1
github.com/0mjs/zinc/router.go:296.33,297.23 1 1
github.com/0mjs/zinc/router.go:297.23,299.4 1 0
github.com/0mjs/zinc/router.go:301.2,301.14 1 1
github.com/0mjs/zinc/router.go:304.36,305.41 1 1
github.com/0mjs/zinc/router.go:305.41,306.26 1 1
github.com/0mjs/zinc/router.go:306.26,308.4 1 1
github.com/0mjs/zinc/router.go:310.2,310.26 1 0
github.com/0mjs/zinc/router.go:313.38,314.41 1 1
github.com/0mjs/zinc/router.go:314.41,315.26 1 1
github.com/0mjs/zinc/router.go:315.26,317.4 1 1
github.com/0mjs/zinc/router.go:319.2,319.10 1 0
github.com/0mjs/zinc/router.go:322.61,324.14 2 1
github.com/0mjs/zinc/router.go:324.14,326.3 1 0
github.com/0mjs/zinc/router.go:327.2,327.26 1 1
github.com/0mjs/zinc/router.go:327.26,329.3 1 1
github.com/0mjs/zinc/router.go:330.2,330.28 1 1
github.com/0mjs/zinc/router.go:333.42,335.2 1 1
github.com/0mjs/zinc/router.go:337.52,338.29 1 1
github.com/0mjs/zinc/router.go:338.29,340.3 1 0
github.com/0mjs/zinc/router.go:342.2,344.48 3 1
github.com/0mjs/zinc/router.go:344.48,345.53 1 1
github.com/0mjs/zinc/router.go:345.53,347.4 1 0
github.com/0mjs/zinc/router.go:349.2,349.65 1 1
github.com/0mjs/zinc/router.go:349.65,351.3 1 0
github.com/0mjs/zinc/router.go:353.2,353.46 1 1
github.com/0mjs/zinc/router.go:353.46,355.3 1 1
github.com/0mjs/zinc/router.go:356.2,356.38 1 1
github.com/0mjs/zinc/router.go:356.38,358.3 1 0
github.com/0mjs/zinc/router.go:360.2,360.35 1 1
github.com/0mjs/zinc/router.go:360.35,361.43 1 1
github.com/0mjs/zinc/router.go:361.43,363.4 1 0
github.com/0mjs/zinc/router.go:366.2,366.14 1 1
github.com/0mjs/zinc/router.go:369.52,370.16 1 1
github.com/0mjs/zinc/router.go:370.16,372.3 1 0
github.com/0mjs/zinc/router.go:373.2,373.20 1 1
github.com/0mjs/zinc/router.go:373.20,375.3 1 1
github.com/0mjs/zinc/router.go:376.2,382.15 7 1
github.com/0mjs/zinc/router.go:385.68,389.33 4 1
github.com/0mjs/zinc/router.go:389.33,390.18 1 1
github.com/0mjs/zinc/router.go:391.24,394.48 3 1
github.com/0mjs/zinc/router.go:394.48,396.5 1 0
github.com/0mjs/zinc/router.go:397.4,398.44 2 1
github.com/0mjs/zinc/router.go:398.44,399.72 1 1
github.com/0mjs/zinc/router.go:399.72,401.6 1 0
github.com/0mjs/zinc/router.go:402.5,402.10 1 1
github.com/0mjs/zinc/router.go:404.4,404.26 1 1
github.com/0mjs/zinc/router.go:404.26,406.5 1 1
github.com/0mjs/zinc/router.go:407.4,408.15 2 1
github.com/0mjs/zinc/router.go:409.27,412.48 3 1
github.com/0mjs/zinc/router.go:412.48,414.5 1 0
github.com/0mjs/zinc/router.go:415.4,416.44 2 1
github.com/0mjs/zinc/router.go:416.44,417.72 1 1
github.com/0mjs/zinc/router.go:417.72,419.6 1 0
github.com/0mjs/zinc/router.go:420.5,420.10 1 1
github.com/0mjs/zinc/router.go:422.4,422.24 1 1
github.com/0mjs/zinc/router.go:422.24,424.5 1 0
github.com/0mjs/zinc/router.go:425.4,425.26 1 1
github.com/0mjs/zinc/router.go:425.26,427.5 1 1
github.com/0mjs/zinc/router.go:428.4,429.37 2 1
github.com/0mjs/zinc/router.go:432.2,432.35 1 1
github.com/0mjs/zinc/router.go:435.39,437.20 2 1
github.com/0mjs/zinc/router.go:437.20,439.3 1 0
github.com/0mjs/zinc/router.go:440.2,440.29 1 1
github.com/0mjs/zinc/router.go:440.29,441.19 1 1
github.com/0mjs/zinc/router.go:441.19,443.4 1 1
github.com/0mjs/zinc/router.go:445.2,445.14 1 1
github.com/0mjs/zinc/router.go:448.33,449.33 1 1
github.com/0mjs/zinc/router.go:449.33,450.21 1 1
github.com/0mjs/zinc/router.go:450.21,452.4 1 0
github.com/0mjs/zinc/router.go:454.2,454.11 1 1
github.com/0mjs/zinc/router.go:457.43,458.37 1 1
github.com/0mjs/zinc/router.go:458.37,460.3 1 0
github.com/0mjs/zinc/router.go:461.2,461.13 1 1
github.com/0mjs/zinc/router.go:464.63,467.25 3 1
github.com/0mjs/zinc/router.go:467.25,469.20 2 1
github.com/0mjs/zinc/router.go:469.20,472.9 3 1
github.com/0mjs/zinc/router.go:474.3,474.20 1 1
github.com/0mjs/zinc/router.go:474.20,477.4 2 1
github.com/0mjs/zinc/router.go:478.3,478.23 1 1
github.com/0mjs/zinc/router.go:479.24,481.54 2 1
github.com/0mjs/zinc/router.go:481.54,483.5 1 1
github.com/0mjs/zinc/router.go:484.4,485.31 2 1
github.com/0mjs/zinc/router.go:486.27,488.54 2 1
github.com/0mjs/zinc/router.go:488.54,490.5 1 1
github.com/0mjs/zinc/router.go:491.4,491.29 1 1
github.com/0mjs/zinc/router.go:491.29,493.5 1 1
github.com/0mjs/zinc/router.go:494.4,495.18 2 1
github.com/0mjs/zinc/router.go:496.11,497.69 1 0
github.com/0mjs/zinc/router.go:500.2,500.26 1 1
github.com/0mjs/zinc/router.go:500.26,502.3 1 1
github.com/0mjs/zinc/router.go:503.2,504.12 2 1
github.com/0mjs/zinc/router.go:507.59,510.25 3 1
github.com/0mjs/zinc/router.go:510.25,512.14 2 1
github.com/0mjs/zinc/router.go:512.14,516.4 3 1
github.com/0mjs/zinc/router.go:517.3,519.34 3 1
github.com/0mjs/zinc/router.go:519.34,522.12 3 1
github.com/0mjs/zinc/router.go:524.3,540.31 9 1
github.com/0mjs/zinc/router.go:540.31,542.4 1 0
github.com/0mjs/zinc/router.go:543.3,545.18 3 1
github.com/0mjs/zinc/router.go:547.2,547.16 1 1
github.com/0mjs/zinc/router.go:550.48,551.25 1 1
github.com/0mjs/zinc/router.go:551.25,553.3 1 1
github.com/0mjs/zinc/router.go:554.2,556.14 3 1
github.com/0mjs/zinc/router.go:559.51,560.28 1 1
github.com/0mjs/zinc/router.go:560.28,562.3 1 1
github.com/0mjs/zinc/router.go:563.2,565.14 3 1
github.com/0mjs/zinc/router.go:568.54,571.2 2 1
github.com/0mjs/zinc/router.go:573.50,574.38 1 1
github.com/0mjs/zinc/router.go:574.38,575.24 1 1
github.com/0mjs/zinc/router.go:575.24,577.4 1 1
github.com/0mjs/zinc/router.go:579.2,579.11 1 1
github.com/0mjs/zinc/router.go:582.86,583.16 1 1
github.com/0mjs/zinc/router.go:584.19,585.68 1 1
github.com/0mjs/zinc/router.go:585.68,587.4 1 1
github.com/0mjs/zinc/router.go:588.3,588.30 1 1
github.com/0mjs/zinc/router.go:589.18,590.39 1 1
github.com/0mjs/zinc/router.go:590.39,592.4 1 1
github.com/0mjs/zinc/router.go:593.3,594.14 2 1
github.com/0mjs/zinc/router.go:594.14,596.4 1 1
github.com/0mjs/zinc/router.go:597.3,597.29 1 1
github.com/0mjs/zinc/router.go:597.29,599.4 1 1
github.com/0mjs/zinc/router.go:600.3,601.20 2 1
github.com/0mjs/zinc/router.go:602.21,603.29 1 1
github.com/0mjs/zinc/router.go:603.29,605.4 1 1
github.com/0mjs/zinc/router.go:606.3,607.40 2 1
github.com/0mjs/zinc/router.go:609.2,609.20 1 1
github.com/0mjs/zinc/router.go:609.20,611.3 1 1
github.com/0mjs/zinc/router.go:612.2,612.50 1 1
github.com/0mjs/zinc/router.go:612.50,613.80 1 1
github.com/0mjs/zinc/router.go:613.80,615.4 1 1
github.com/0mjs/zinc/router.go:617.2,617.25 1 1
github.com/0mjs/zinc/router.go:617.25,618.77 1 1
github.com/0mjs/zinc/router.go:618.77,620.4 1 1
github.com/0mjs/zinc/router.go:622.2,622.28 1 1
github.com/0mjs/zinc/router.go:622.28,623.80 1 1
github.com/0mjs/zinc/router.go:623.80,625.4 1 1
github.com/0mjs/zinc/router.go:627.2,627.12 1 1
github.com/0mjs/zinc/router.go:630.77,631.54 1 1
github.com/0mjs/zinc/router.go:631.54,633.3 1 1
github.com/0mjs/zinc/router.go:634.2,634.16 1 1
github.com/0mjs/zinc/router.go:637.70,642.2 4 1
github.com/0mjs/zinc/router.go:644.69,647.40 3 1
github.com/0mjs/zinc/router.go:647.40,650.3 2 1
github.com/0mjs/zinc/router.go:651.2,651.50 1 1
github.com/0mjs/zinc/router.go:651.50,654.3 2 1
github.com/0mjs/zinc/router.go:655.2,656.32 2 1
github.com/0mjs/zinc/router.go:659.48,660.33 1 1
github.com/0mjs/zinc/router.go:660.33,662.27 2 1
github.com/0mjs/zinc/router.go:662.27,664.4 1 1
github.com/0mjs/zinc/router.go:665.3,665.16 1 1
github.com/0mjs/zinc/router.go:665.16,668.4 2 1
github.com/0mjs/zinc/router.go:670.2,670.20 1 1
github.com/0mjs/zinc/router.go:673.46,674.20 1 1
github.com/0mjs/zinc/router.go:674.20,676.3 1 1
github.com/0mjs/zinc/router.go:677.2,678.39 2 1
github.com/0mjs/zinc/router.go:678.39,680.3 1 0
github.com/0mjs/zinc/router.go:681.2,682.49 2 1
github.com/0mjs/zinc/router.go:682.49,684.3 1 1
github.com/0mjs/zinc/router.go:685.2,686.15 2 1
github.com/0mjs/zinc/router.go:686.15,688.3 1 0
github.com/0mjs/zinc/router.go:689.2,691.13 3 1
github.com/0mjs/zinc/router.go:694.67,695.24 1 1
github.com/0mjs/zinc/router.go:695.24,697.3 1 1
github.com/0mjs/zinc/router.go:698.2,699.37 2 1
github.com/0mjs/zinc/router.go:699.37,700.30 1 1
github.com/0mjs/zinc/router.go:701.20,702.16 1 1
github.com/0mjs/zinc/router.go:702.16,704.5 1 1
github.com/0mjs/zinc/router.go:705.4,705.24 1 1
github.com/0mjs/zinc/router.go:706.29,707.16 1 1
github.com/0mjs/zinc/router.go:707.16,709.5 1 1
github.com/0mjs/zinc/router.go:710.4,710.37 1 1
github.com/0mjs/zinc/router.go:711.15,712.39 1 1
github.com/0mjs/zinc/router.go:713.12,714.61 1 1
github.com/0mjs/zinc/router.go:715.11,716.87 1 1
github.com/0mjs/zinc/router.go:719.2,719.17 1 1
github.com/0mjs/zinc/router.go:722.71,724.2 1 1
github.com/0mjs/zinc/router.go:726.55,728.16 2 1
github.com/0mjs/zinc/router.go:728.16,730.3 1 1
github.com/0mjs/zinc/router.go:731.2,731.46 1 1
github.com/0mjs/zinc/router.go:733.64,735.2 1 1
github.com/0mjs/zinc/router.go:736.63,738.2 1 1
github.com/0mjs/zinc/router.go:739.66,741.2 1 1
github.com/0mjs/zinc/router.go:742.65,744.2 1 1
github.com/0mjs/zinc/router.go:745.64,747.2 1 1
github.com/0mjs/zinc/router.go:748.67,750.2 1 1
github.com/0mjs/zinc/router.go:751.67,753.2 1 1
github.com/0mjs/zinc/router.go:754.65,756.2 1 1
github.com/0mjs/zinc/router.go:758.83,759.33 1 1
github.com/0mjs/zinc/router.go:759.33,760.58 1 1
github.com/0mjs/zinc/router.go:760.58,762.4 1 1
github.com/0mjs/zinc/router.go:764.2,764.12 1 1
github.com/0mjs/zinc/router.go:767.63,769.2 1 1
github.com/0mjs/zinc/router.go:771.63,773.2 1 1
github.com/0mjs/zinc/router.go:776.58,777.20 1 1
github.com/0mjs/zinc/router.go:777.20,779.3 1 1
github.com/0mjs/zinc/router.go:780.2,780.44 1 1
github.com/0mjs/zinc/router.go:780.44,782.3 1 1
github.com/0mjs/zinc/router.go:786.90,787.20 1 1
github.com/0mjs/zinc/router.go:787.20,789.3 1 1
github.com/0mjs/zinc/router.go:790.2,791.44 2 1
github.com/0mjs/zinc/router.go:791.44,793.3 1 1
github.com/0mjs/zinc/router.go:796.44,797.32 1 1
github.com/0mjs/zinc/router.go:797.32,799.3 1 1
github.com/0mjs/zinc/static.go:16.49,17.33 1 1
github.com/0mjs/zinc/static.go:17.33,19.3 1 1
github.com/0mjs/zinc/static.go:22.49,23.33 1 1
github.com/0mjs/zinc/static.go:23.33,25.3 1 1
github.com/0mjs/zinc/static.go:28.71,30.2 1 1
github.com/0mjs/zinc/static.go:32.85,34.27 2 1
github.com/0mjs/zinc/static.go:34.27,36.3 1 1
github.com/0mjs/zinc/static.go:37.2,39.12 3 1
github.com/0mjs/zinc/static.go:42.45,43.44 1 1
github.com/0mjs/zinc/static.go:43.44,45.3 1 1
github.com/0mjs/zinc/static.go:48.65,49.44 1 1
github.com/0mjs/zinc/static.go:49.44,51.3 1 1
github.com/0mjs/zinc/version.go:8.26,10.2 1 1
github.com/0mjs/zinc/version.go:13.32,15.2 1 1
github.com/0mjs/zinc/zinc.go:8.65,9.29 1 1
github.com/0mjs/zinc/zinc.go:9.29,11.3 1 1
github.com/0mjs/zinc/zinc.go:13.2,16.64 3 1
github.com/0mjs/zinc/zinc.go:16.64,18.36 2 1
github.com/0mjs/zinc/zinc.go:18.36,20.4 1 1
github.com/0mjs/zinc/zinc.go:21.3,22.9 2 1
github.com/0mjs/zinc/zinc.go:25.2,25.58 1 1
github.com/0mjs/zinc/zinc.go:25.58,27.24 2 1
github.com/0mjs/zinc/zinc.go:27.24,29.37 2 1
github.com/0mjs/zinc/zinc.go:29.37,31.5 1 1
github.com/0mjs/zinc/zinc.go:32.4,33.10 2 1
github.com/0mjs/zinc/zinc.go:37.2,38.15 2 1
github.com/0mjs/zinc/zinc.go:41.61,43.43 2 1
github.com/0mjs/zinc/zinc.go:43.43,44.64 1 1
github.com/0mjs/zinc/zinc.go:44.64,46.4 1 1
github.com/0mjs/zinc/zinc.go:48.2,48.16 1 1
github.com/0mjs/zinc/zinc.go:48.16,50.3 1 1
github.com/0mjs/zinc/zinc.go:51.2,53.43 3 1
github.com/0mjs/zinc/zinc.go:53.43,54.64 1 1
github.com/0mjs/zinc/zinc.go:54.64,56.4 1 1
github.com/0mjs/zinc/zinc.go:58.2,59.17 2 1
github.com/0mjs/zinc/zinc.go:62.38,67.65 4 1
github.com/0mjs/zinc/zinc.go:67.65,70.3 2 1
github.com/0mjs/zinc/zinc.go:71.2,71.20 1 1
github.com/0mjs/zinc/zinc.go:71.20,74.3 2 1
github.com/0mjs/zinc/zinc.go:76.2,76.47 1 1
github.com/0mjs/zinc/zinc.go:76.47,80.3 3 1
github.com/0mjs/zinc/zinc.go:82.2,84.20 3 1
github.com/0mjs/zinc/zinc.go:84.20,85.68 1 1
github.com/0mjs/zinc/zinc.go:85.68,87.4 1 1
github.com/0mjs/zinc/zinc.go:89.2,89.73 1 1
github.com/0mjs/zinc/zinc.go:89.73,93.3 3 1
github.com/0mjs/zinc/zinc.go:95.2,95.57 1 1
github.com/0mjs/zinc/zinc.go:95.57,98.24 3 1
github.com/0mjs/zinc/zinc.go:98.24,100.20 2 1
github.com/0mjs/zinc/zinc.go:100.20,102.5 1 1
github.com/0mjs/zinc/zinc.go:103.4,103.10 1 1
github.com/0mjs/zinc/zinc.go:105.3,106.9 2 1
github.com/0mjs/zinc/zinc.go:109.2,110.23 2 1
github.com/0mjs/zinc/zinc.go:110.23,112.19 2 1
github.com/0mjs/zinc/zinc.go:112.19,114.4 1 1
github.com/0mjs/zinc/zinc.go:115.3,115.9 1 1
github.com/0mjs/zinc/zinc.go:117.2,117.33 1 1
github.com/0mjs/zinc/zinc.go:120.58,121.37 1 1
github.com/0mjs/zinc/zinc.go:121.37,123.3 1 1
github.com/0mjs/zinc/zinc.go:126.52,127.16 1 1
github.com/0mjs/zinc/zinc.go:127.16,129.3 1 1
github.com/0mjs/zinc/zinc.go:130.2,130.16 1 1
github.com/0mjs/zinc/zinc.go:130.16,132.3 1 1
github.com/0mjs/zinc/zinc.go:133.2,133.33 1 1
github.com/0mjs/zinc/zinc.go:136.43,137.30 1 1
github.com/0mjs/zinc/zinc.go:137.30,139.3 1 1
github.com/0mjs/zinc/zinc.go:140.2,140.12 1 1
github.com/0mjs/zinc/zinc.go:143.55,144.26 1 1
github.com/0mjs/zinc/zinc.go:144.26,146.64 2 1
github.com/0mjs/zinc/zinc.go:146.64,148.4 1 1
github.com/0mjs/zinc/zinc.go:150.2,150.12 1 1
github.com/0mjs/zinc/zinc.go:153.44,154.34 1 1
github.com/0mjs/zinc/zinc.go:154.34,156.3 1 1
github.com/0mjs/zinc/zinc.go:157.2,162.30 6 1
github.com/0mjs/zinc/zinc.go:162.30,164.3 1 1
github.com/0mjs/zinc/zinc.go:165.2,165.27 1 1
github.com/0mjs/zinc/zinc.go:165.27,167.3 1 0
github.com/0mjs/zinc/zinc.go:168.2,168.55 1 1
github.com/0mjs/zinc/zinc.go:168.55,170.3 1 1
github.com/0mjs/zinc/zinc.go:171.2,172.18 2 1
github.com/0mjs/zinc/zinc.go:175.51,176.19 1 1
github.com/0mjs/zinc/zinc.go:176.19,178.3 1 1
github.com/0mjs/zinc/zinc.go:179.2,180.19 2 1
github.com/0mjs/zinc/zinc.go:180.19,182.3 1 1
github.com/0mjs/zinc/zinc.go:183.2,183.23 1 1
github.com/0mjs/zinc/zinc.go:183.23,185.3 1 1
github.com/0mjs/zinc/zinc.go:186.2,186.16 1 1
github.com/0mjs/zinc/middleware/cors/cors.go:48.29,69.2 1 1
github.com/0mjs/zinc/middleware/cors/cors.go:72.28,74.2 1 1
github.com/0mjs/zinc/middleware/cors/cors.go:80.49,81.25 1 1
github.com/0mjs/zinc/middleware/cors/cors.go:81.25,83.3 1 1
github.com/0mjs/zinc/middleware/cors/cors.go:87.49,88.25 1 1
github.com/0mjs/zinc/middleware/cors/cors.go:88.25,90.3 1 1
github.com/0mjs/zinc/middleware/cors/cors.go:94.49,95.25 1 1
github.com/0mjs/zinc/middleware/cors/cors.go:95.25,97.3 1 1
github.com/0mjs/zinc/middleware/cors/cors.go:101.50,102.25 1 1
github.com/0mjs/zinc/middleware/cors/cors.go:102.25,104.3 1 1
github.com/0mjs/zinc/middleware/cors/cors.go:108.46,109.25 1 1
github.com/0mjs/zinc/middleware/cors/cors.go:109.25,111.3 1 1
github.com/0mjs/zinc/middleware/cors/cors.go:115.46,116.25 1 1
github.com/0mjs/zinc/middleware/cors/cors.go:116.25,118.3 1 1
github.com/0mjs/zinc/middleware/cors/cors.go:122.44,123.25 1 1
github.com/0mjs/zinc/middleware/cors/cors.go:123.25,125.3 1 1
github.com/0mjs/zinc/middleware/cors/cors.go:129.61,130.25 1 1
github.com/0mjs/zinc/middleware/cors/cors.go:130.25,132.3 1 1
github.com/0mjs/zinc/middleware/cors/cors.go:136.56,138.33 2 1
github.com/0mjs/zinc/middleware/cors/cors.go:138.33,140.3 1 1
github.com/0mjs/zinc/middleware/cors/cors.go:141.2,141.30 1 1
github.com/0mjs/zinc/middleware/cors/cors.go:145.51,148.45 2 1
github.com/0mjs/zinc/middleware/cors/cors.go:148.45,150.3 1 1
github.com/0mjs/zinc/middleware/cors/cors.go:153.2,158.37 4 1
github.com/0mjs/zinc/middleware/cors/cors.go:158.37,160.49 1 1
github.com/0mjs/zinc/middleware/cors/cors.go:160.49,162.4 1 1
github.com/0mjs/zinc/middleware/cors/cors.go:165.3,171.19 5 1
github.com/0mjs/zinc/middleware/cors/cors.go:171.19,174.4 1 1
github.com/0mjs/zinc/middleware/cors/cors.go:177.3,178.64 2 1
github.com/0mjs/zinc/middleware/cors/cors.go:178.64,181.4 1 1
github.com/0mjs/zinc/middleware/cors/cors.go:181.9,181.37 1 1
github.com/0mjs/zinc/middleware/cors/cors.go:181.37,184.4 1 1
github.com/0mjs/zinc/middleware/cors/cors.go:184.9,184.34 1 1
github.com/0mjs/zinc/middleware/cors/cors.go:184.34,187.4 1 0
github.com/0mjs/zinc/middleware/cors/cors.go:187.9,192.4 1 1
github.com/0mjs/zinc/middleware/cors/cors.go:195.3,198.30 2 1
github.com/0mjs/zinc/middleware/cors/cors.go:198.30,200.4 1 1
github.com/0mjs/zinc/middleware/cors/cors.go:203.3,203.39 1 1
github.com/0mjs/zinc/middleware/cors/cors.go:203.39,205.27 2 1
github.com/0mjs/zinc/middleware/cors/cors.go:205.27,211.29 3 1
github.com/0mjs/zinc/middleware/cors/cors.go:211.29,213.6 1 1
github.com/0mjs/zinc/middleware/cors/cors.go:216.5,216.26 1 1
github.com/0mjs/zinc/middleware/cors/cors.go:216.26,218.6 1 1
github.com/0mjs/zinc/middleware/cors/cors.go:221.5,221.51 1 1
github.com/0mjs/zinc/middleware/cors/cors.go:226.3,226.36 1 1
github.com/0mjs/zinc/middleware/cors/cors.go:226.36,228.4 1 1
github.com/0mjs/zinc/middleware/cors/cors.go:231.3,231.18 1 1
github.com/0mjs/zinc/middleware/ratelimiter.go:40.58,47.2 1 1
github.com/0mjs/zinc/middleware/ratelimiter.go:50.36,60.29 7 1
github.com/0mjs/zinc/middleware/ratelimiter.go:60.29,62.3 1 1
github.com/0mjs/zinc/middleware/ratelimiter.go:65.2,65.19 1 1
github.com/0mjs/zinc/middleware/ratelimiter.go:65.19,67.3 1 1
github.com/0mjs/zinc/middleware/ratelimiter.go:70.2,71.13 2 1
github.com/0mjs/zinc/middleware/ratelimiter.go:75.63,81.52 1 1
github.com/0mjs/zinc/middleware/ratelimiter.go:81.52,83.4 1 1
github.com/0mjs/zinc/middleware/ratelimiter.go:86.2,86.21 1 1
github.com/0mjs/zinc/middleware/ratelimiter.go:86.21,88.26 2 1
github.com/0mjs/zinc/middleware/ratelimiter.go:88.26,90.4 1 1
github.com/0mjs/zinc/middleware/ratelimiter.go:91.3,91.37 1 1
github.com/0mjs/zinc/middleware/ratelimiter.go:91.37,92.58 1 1
github.com/0mjs/zinc/middleware/ratelimiter.go:92.58,94.5 1 1
github.com/0mjs/zinc/middleware/ratelimiter.go:99.2,105.37 3 1
github.com/0mjs/zinc/middleware/ratelimiter.go:105.37,109.30 2 1
github.com/0mjs/zinc/middleware/ratelimiter.go:109.30,114.4 3 1
github.com/0mjs/zinc/middleware/ratelimiter.go:114.9,114.33 1 1
github.com/0mjs/zinc/middleware/ratelimiter.go:114.33,119.4 3 1
github.com/0mjs/zinc/middleware/ratelimiter.go:119.9,122.4 1 1
github.com/0mjs/zinc/middleware/ratelimiter.go:125.3,125.21 1 1
github.com/0mjs/zinc/middleware/ratelimiter.go:125.21,127.4 1 1
github.com/0mjs/zinc/middleware/ratelimiter.go:130.3,130.18 1 1
github.com/0mjs/zinc/middleware/ratelimiter.go:135.43,137.2 1 1
github.com/0mjs/zinc/middleware/ratelimiter.go:140.60,144.42 1 1
github.com/0mjs/zinc/middleware/ratelimiter.go:144.42,146.4 1 1
github.com/0mjs/zinc/middleware/request_logger.go:68.55,83.2 1 1
github.com/0mjs/zinc/middleware/request_logger.go:86.38,88.2 1 1
github.com/0mjs/zinc/middleware/request_logger.go:91.74,92.27 1 1
github.com/0mjs/zinc/middleware/request_logger.go:92.27,94.3 1 1
github.com/0mjs/zinc/middleware/request_logger.go:95.2,95.33 1 1
github.com/0mjs/zinc/middleware/request_logger.go:95.33,97.3 1 1
github.com/0mjs/zinc/middleware/request_logger.go:98.2,99.27 2 1
github.com/0mjs/zinc/middleware/request_logger.go:99.27,101.3 1 0
github.com/0mjs/zinc/middleware/request_logger.go:103.2,105.25 3 1
github.com/0mjs/zinc/middleware/request_logger.go:105.25,107.3 1 1
github.com/0mjs/zinc/middleware/request_logger.go:109.2,111.37 2 1
github.com/0mjs/zinc/middleware/request_logger.go:111.37,112.24 1 1
github.com/0mjs/zinc/middleware/request_logger.go:112.24,114.4 1 1
github.com/0mjs/zinc/middleware/request_logger.go:116.3,119.35 3 1
github.com/0mjs/zinc/middleware/request_logger.go:119.35,121.4 1 1
github.com/0mjs/zinc/middleware/request_logger.go:123.3,124.49 2 1
github.com/0mjs/zinc/middleware/request_logger.go:124.49,127.4 2 1
github.com/0mjs/zinc/middleware/request_logger.go:129.3,130.39 2 1
github.com/0mjs/zinc/middleware/request_logger.go:130.39,132.4 1 1
github.com/0mjs/zinc/middleware/request_logger.go:134.3,135.20 2 1
github.com/0mjs/zinc/middleware/request_logger.go:135.20,137.4 1 1
github.com/0mjs/zinc/middleware/request_logger.go:139.3,142.24 2 1
github.com/0mjs/zinc/middleware/request_logger.go:142.24,144.4 1 1
github.com/0mjs/zinc/middleware/request_logger.go:146.3,146.17 1 1
github.com/0mjs/zinc/middleware/request_logger.go:146.17,147.24 1 1
github.com/0mjs/zinc/middleware/request_logger.go:147.24,149.5 1 1
github.com/0mjs/zinc/middleware/request_logger.go:150.4,150.21 1 1
github.com/0mjs/zinc/middleware/request_logger.go:150.21,152.5 1 1
github.com/0mjs/zinc/middleware/request_logger.go:153.4,153.26 1 1
github.com/0mjs/zinc/middleware/request_logger.go:153.26,155.5 1 1
github.com/0mjs/zinc/middleware/request_logger.go:156.4,156.22 1 1
github.com/0mjs/zinc/middleware/request_logger.go:156.22,158.5 1 1
github.com/0mjs/zinc/middleware/request_logger.go:159.4,159.27 1 1
github.com/0mjs/zinc/middleware/request_logger.go:159.27,161.5 1 1
github.com/0mjs/zinc/middleware/request_logger.go:162.4,162.31 1 1
github.com/0mjs/zinc/middleware/request_logger.go:162.31,164.5 1 1
github.com/0mjs/zinc/middleware/request_logger.go:165.4,165.18 1 1
github.com/0mjs/zinc/middleware/request_logger.go:165.18,167.36 2 1
github.com/0mjs/zinc/middleware/request_logger.go:167.36,168.46 1 1
github.com/0mjs/zinc/middleware/request_logger.go:168.46,170.7 1 1
github.com/0mjs/zinc/middleware/request_logger.go:173.4,173.22 1 1
github.com/0mjs/zinc/middleware/request_logger.go:173.22,176.47 3 1
github.com/0mjs/zinc/middleware/request_logger.go:176.47,177.44 1 1
github.com/0mjs/zinc/middleware/request_logger.go:177.44,179.7 1 1
github.com/0mjs/zinc/middleware/request_logger.go:184.3,184.26 1 1
github.com/0mjs/zinc/middleware/request_logger.go:184.26,186.4 1 1
github.com/0mjs/zinc/middleware/request_logger.go:187.3,187.26 1 1
github.com/0mjs/zinc/middleware/request_logger.go:187.26,189.36 2 1
github.com/0mjs/zinc/middleware/request_logger.go:189.36,191.5 1 1
github.com/0mjs/zinc/middleware/request_logger.go:192.4,192.27 1 1
github.com/0mjs/zinc/middleware/request_logger.go:194.3,194.23 1 1
github.com/0mjs/zinc/middleware/request_logger.go:194.23,196.4 1 1
github.com/0mjs/zinc/middleware/request_logger.go:197.3,197.22 1 1
github.com/0mjs/zinc/middleware/request_logger.go:197.22,199.4 1 1
github.com/0mjs/zinc/middleware/request_logger.go:200.3,200.29 1 1
github.com/0mjs/zinc/middleware/request_logger.go:200.29,201.17 1 1
github.com/0mjs/zinc/middleware/request_logger.go:201.17,203.5 1 1
github.com/0mjs/zinc/middleware/request_logger.go:203.10,205.5 1 0
github.com/0mjs/zinc/middleware/request_logger.go:208.3,208.62 1 1
github.com/0mjs/zinc/middleware/request_logger.go:208.62,210.4 1 1
github.com/0mjs/zinc/middleware/request_logger.go:212.3,212.13 1 1
github.com/0mjs/zinc/middleware/request_logger.go:217.31,219.2 1 1
github.com/0mjs/zinc/middleware/request_logger.go:222.67,224.2 1 1
github.com/0mjs/zinc/middleware/request_logger.go:226.54,228.2 1 1
github.com/0mjs/zinc/middleware/request_logger.go:230.102,231.19 1 1
github.com/0mjs/zinc/middleware/request_logger.go:231.19,233.3 1 1
github.com/0mjs/zinc/middleware/request_logger.go:234.2,234.60 1 1
github.com/0mjs/zinc/middleware/request_logger.go:234.60,235.21 1 1
github.com/0mjs/zinc/middleware/request_logger.go:235.21,236.25 1 1
github.com/0mjs/zinc/middleware/request_logger.go:236.25,251.5 2 1
github.com/0mjs/zinc/middleware/request_logger.go:252.4,264.14 2 1
github.com/0mjs/zinc/middleware/request_logger.go:267.3,267.24 1 1
github.com/0mjs/zinc/middleware/request_logger.go:267.24,283.4 2 1
github.com/0mjs/zinc/middleware/request_logger.go:284.3,297.13 2 1
github.com/0mjs/zinc/middleware/request_logger.go:301.78,302.31 1 1
github.com/0mjs/zinc/middleware/request_logger.go:302.31,304.3 1 1
github.com/0mjs/zinc/middleware/request_logger.go:305.2,305.16 1 1
github.com/0mjs/zinc/middleware/request_logger.go:305.16,307.31 2 1
github.com/0mjs/zinc/middleware/request_logger.go:307.31,309.4 1 1
github.com/0mjs/zinc/middleware/request_logger.go:310.3,310.40 1 1
github.com/0mjs/zinc/middleware/request_logger.go:312.2,312.22 1 1
github.com/0mjs/zinc/middleware/request_logger.go:321.89,323.2 1 1
github.com/0mjs/zinc/middleware/request_logger.go:325.61,326.19 1 1
github.com/0mjs/zinc/middleware/request_logger.go:326.19,328.3 1 1
github.com/0mjs/zinc/middleware/request_logger.go:329.2,329.36 1 1
github.com/0mjs/zinc/middleware/request_logger.go:332.68,333.19 1 1
github.com/0mjs/zinc/middleware/request_logger.go:333.19,335.3 1 1
github.com/0mjs/zinc/middleware/request_logger.go:336.2,338.15 3 1
github.com/0mjs/zinc/middleware/request_logger.go:341.74,342.54 1 1
github.com/0mjs/zinc/middleware/request_logger.go:342.54,343.20 1 1
github.com/0mjs/zinc/middleware/request_logger.go:343.20,345.4 1 1
github.com/0mjs/zinc/middleware/request_logger.go:346.3,348.16 3 1
github.com/0mjs/zinc/middleware/request_logger.go:350.2,350.27 1 1
github.com/0mjs/zinc/middleware/request_logger.go:353.76,354.19 1 1
github.com/0mjs/zinc/middleware/request_logger.go:354.19,356.3 1 1
github.com/0mjs/zinc/middleware/request_logger.go:357.2,357.52 1 1
github.com/0mjs/zinc/middleware/request_logger.go:357.52,361.3 3 1
github.com/0mjs/zinc/middleware/request_logger.go:362.2,364.15 3 1
github.com/0mjs/zinc/middleware/request_logger.go:367.47,368.50 1 1
github.com/0mjs/zinc/middleware/request_logger.go:368.50,370.3 1 1
github.com/0mjs/zinc/middleware/request_logger.go:373.85,375.9 2 1
github.com/0mjs/zinc/middleware/request_logger.go:375.9,377.3 1 1
github.com/0mjs/zinc/middleware/request_logger.go:378.2,378.20 1 1
github.com/0mjs/zinc/middleware/request_logger.go:381.89,383.9 2 1
github.com/0mjs/zinc/middleware/request_logger.go:383.9,385.3 1 1
github.com/0mjs/zinc/middleware/request_logger.go:386.2,386.29 1 1
github.com/0mjs/zinc/middleware/request_logger.go:389.52,390.19 1 1
github.com/0mjs/zinc/middleware/request_logger.go:390.19,392.3 1 1
github.com/0mjs/zinc/middleware/request_logger.go:393.2,393.17 1 1
github.com/0mjs/zinc/middleware/request_logger.go:396.52,398.2 1 1
github.com/0mjs/zinc/middleware/request_logger.go:400.54,402.2 1 1
github.com/0mjs/zinc/middleware/request_logger.go:404.68,406.2 1 1
